221.226.97.92 - - [17/Feb/2020:02:04:30 +0800] "POST /api/v0/search/action/ HTTP/1.1" 200 25 "https://dv.u.rizhiyi.com/search/#?query=tag:test&time_range=1468256400000,1468339200000&order=desc&size=20&page=1&sourcegroup=all&type=timeline&filters=apache.method:%22GET%22&exist_fields=&_t=1468312738562&title=%E9%BB%98%E8%AE%A4&index=0&_suid=1468312738563016496366944565027" "Mozilla/5.0 (compatible; MSIE 9.0; Windows NT 6.1; WOW64; Trident/5.0)" "124" 0.293 0.247
221.226.97.92 - - [17/Feb/2020:02:03:30 +0800] "GET /api/v0/search/events/table/?exist_fields=&filters=apache.method:%22GET%22&order=desc&page=1&query=tag:test&sid=ece0df086f&size=20&sourcegroup=all&sourcegroupCn=%E6%89%80%E6%9C%89%E6%97%A5%E5%BF%97&time_range=1468256400000,1468339200000&type=timeline HTTP/1.1" 200 94790 "https://dv.u.rizhiyi.com/search/#?query=tag:test&time_range=1468256400000,1468339200000&order=desc&size=20&page=1&sourcegroup=all&type=timeline&filters=&exist_fields=&_t=1468312694568&title=%E9%BB%98%E8%AE%A4&index=0&_suid=1468312694569006252521440306613" "Mozilla/5.0 (compatible; MSIE 9.0; Windows NT 6.1; WOW64; Trident/5.0)" "123" 0.906 0.846
221.226.97.92 - - [17/Feb/2020:02:02:30 +0800] "GET /api/v0/search/onlyfields/?exist_fields=&filters=apache.status:%22200%22&order=desc&page=1&query=tag:test&sid=61538ec4ad&size=20&sourcegroup=all&sourcegroupCn=%E6%89%80%E6%9C%89%E6%97%A5%E5%BF%97&time_range=1468256400000,1468339200000&type=timeline HTTP/1.1" 200 1289 "https://dv.u.rizhiyi.com/search/#?query=tag:test&time_range=1468256400000,1468339200000&order=desc&size=20&page=1&sourcegroup=all&type=timeline&filters=&exist_fields=&_t=1468313254552&title=%E9%BB%98%E8%AE%A4&index=0&_suid=1468313254553047521460365079193" "Mozilla/5.0 (compatible; MSIE 9.0; Windows NT 6.1; WOW64; Trident/5.0)" "122" 0.608 0.608
221.226.97.92 - - [17/Feb/2020:02:01:30 +0800] "GET /api/v0/search/onlytimeline/?exist_fields=&filters=apache.status:%22200%22&order=desc&page=1&query=tag:test&sid=61538ec4ad&size=20&sourcegroup=all&sourcegroupCn=%E6%89%80%E6%9C%89%E6%97%A5%E5%BF%97&time_range=1468256400000,1468339200000&type=timeline HTTP/1.1" 200 1235 "https://dv.u.rizhiyi.com/search/#?query=tag:test&time_range=1468256400000,1468339200000&order=desc&size=20&page=1&sourcegroup=all&type=timeline&filters=&exist_fields=&_t=1468313254552&title=%E9%BB%98%E8%AE%A4&index=0&_suid=1468313254553047521460365079193" "Mozilla/5.0 (compatible; MSIE 9.0; Windows NT 6.1; WOW64; Trident/5.0)" "121" 0.477 0.477
221.226.97.92 - - [17/Feb/2020:02:00:30 +0800] "POST /api/v0/search/action/ HTTP/1.1" 200 25 "https://dv.u.rizhiyi.com/search/#?query=tag:test&time_range=1468256400000,1468339200000&order=desc&size=20&page=1&sourcegroup=all&type=timeline&filters=apache.status:%22200%22&exist_fields=&_t=1468313279868&title=%E9%BB%98%E8%AE%A4&index=0&_suid=1468313279870049950611133736133" "Mozilla/5.0 (compatible; MSIE 9.0; Windows NT 6.1; WOW64; Trident/5.0)" "120" 0.325 0.158
221.226.97.92 - - [17/Feb/2020:01:59:30 +0800] "GET /api/v0/search/events/table/?exist_fields=&filters=apache.status:%22200%22&order=desc&page=1&query=tag:test&sid=61538ec4ad&size=20&sourcegroup=all&sourcegroupCn=%E6%89%80%E6%9C%89%E6%97%A5%E5%BF%97&time_range=1468256400000,1468339200000&type=timeline HTTP/1.1" 200 95090 "https://dv.u.rizhiyi.com/search/#?query=tag:test&time_range=1468256400000,1468339200000&order=desc&size=20&page=1&sourcegroup=all&type=timeline&filters=&exist_fields=&_t=1468313254552&title=%E9%BB%98%E8%AE%A4&index=0&_suid=1468313254553047521460365079193" "Mozilla/5.0 (compatible; MSIE 9.0; Windows NT 6.1; WOW64; Trident/5.0)" "119" 0.986 0.902
221.226.97.92 - - [17/Feb/2020:01:58:30 +0800] "GET /api/v0/search/fields/?exist_fields=&field=tag:string&filters=&order=desc&page=1&query=%22244%22+AND+tag:test&size=50&sourcegroup=all&sourcegroupCn=%E6%89%80%E6%9C%89%E6%97%A5%E5%BF%97&time_range=1468256400000,1468339200000&type=fields HTTP/1.1" 200 91 "https://dv.u.rizhiyi.com/search/#?query=%22244%22%20AND%20tag:test&time_range=1468256400000,1468339200000&order=desc&size=20&page=1&sourcegroup=all&type=timeline&filters=&exist_fields=&_t=1468313156573&title=%E9%BB%98%E8%AE%A4&index=0&_suid=146831315657305394049148594845" "Mozilla/5.0 (compatible; MSIE 9.0; Windows NT 6.1; WOW64; Trident/5.0)" "118" 0.426 0.426
221.226.97.92 - - [17/Feb/2020:01:57:30 +0800] "GET /api/v0/search/events/table/?exist_fields=&filters=&order=desc&page=1&query=%22244%22+AND+tag:test&sid=61edcba467&size=20&sourcegroup=all&sourcegroupCn=%E6%89%80%E6%9C%89%E6%97%A5%E5%BF%97&time_range=1468256400000,1468339200000&type=timeline HTTP/1.1" 200 28175 "https://dv.u.rizhiyi.com/search/#?query=%22244%22%20AND%20tag:test&time_range=1468256400000,1468339200000&order=desc&size=20&page=1&sourcegroup=all&type=timeline&filters=&exist_fields=&_t=1468313165637&title=%E9%BB%98%E8%AE%A4&index=0&_suid=146831316563809840131055277892" "Mozilla/5.0 (compatible; MSIE 9.0; Windows NT 6.1; WOW64; Trident/5.0)" "117" 0.850 0.810
221.226.97.92 - - [17/Feb/2020:01:56:30 +0800] "GET /api/v0/search/onlyfields/?exist_fields=&filters=&order=desc&page=1&query=%22244%22+AND+tag:test&sid=61edcba467&size=20&sourcegroup=all&sourcegroupCn=%E6%89%80%E6%9C%89%E6%97%A5%E5%BF%97&time_range=1468256400000,1468339200000&type=timeline HTTP/1.1" 200 1289 "https://dv.u.rizhiyi.com/search/#?query=%22244%22%20AND%20tag:test&time_range=1468256400000,1468339200000&order=desc&size=20&page=1&sourcegroup=all&type=timeline&filters=&exist_fields=&_t=1468313165637&title=%E9%BB%98%E8%AE%A4&index=0&_suid=146831316563809840131055277892" "Mozilla/5.0 (compatible; MSIE 9.0; Windows NT 6.1; WOW64; Trident/5.0)" "116" 0.752 0.752
221.226.97.92 - - [17/Feb/2020:01:55:30 +0800] "GET /api/v0/search/onlytimeline/?exist_fields=&filters=&order=desc&page=1&query=%22244%22+AND+tag:test&sid=61edcba467&size=20&sourcegroup=all&sourcegroupCn=%E6%89%80%E6%9C%89%E6%97%A5%E5%BF%97&time_range=1468256400000,1468339200000&type=timeline HTTP/1.1" 200 1230 "https://dv.u.rizhiyi.com/search/#?query=%22244%22%20AND%20tag:test&time_range=1468256400000,1468339200000&order=desc&size=20&page=1&sourcegroup=all&type=timeline&filters=&exist_fields=&_t=1468313165637&title=%E9%BB%98%E8%AE%A4&index=0&_suid=146831316563809840131055277892" "Mozilla/5.0 (compatible; MSIE 9.0; Windows NT 6.1; WOW64; Trident/5.0)" "115" 0.463 0.463
221.226.97.92 - - [17/Feb/2020:01:54:30 +0800] "POST /api/v0/search/action/ HTTP/1.1" 200 25 "https://dv.u.rizhiyi.com/search/#?query=%22244%22%20AND%20tag:test&time_range=1468256400000,1468339200000&order=desc&size=20&page=1&sourcegroup=all&type=timeline&filters=&exist_fields=&_t=1468313165637&title=%E9%BB%98%E8%AE%A4&index=0&_suid=146831316563809840131055277892" "Mozilla/5.0 (compatible; MSIE 9.0; Windows NT 6.1; WOW64; Trident/5.0)" "114" 0.329 0.230
221.226.97.92 - - [17/Feb/2020:01:53:30 +0800] "GET /api/v0/search/fields/?exist_fields=&field=apache.method:string&filters=apache.method:%22GET%22&order=desc&page=1&query=tag:test&size=50&sourcegroup=all&sourcegroupCn=%E6%89%80%E6%9C%89%E6%97%A5%E5%BF%97&time_range=1468256400000,1468339200000&type=fields HTTP/1.1" 200 92 "https://dv.u.rizhiyi.com/search/#?query=tag:test&time_range=1468256400000,1468339200000&order=desc&size=20&page=1&sourcegroup=all&type=timeline&filters=apache.method:%22GET%22&exist_fields=&_t=1468312738562&title=%E9%BB%98%E8%AE%A4&index=0&_suid=1468312738563016496366944565027" "Mozilla/5.0 (compatible; MSIE 9.0; Windows NT 6.1; WOW64; Trident/5.0)" "113" 0.323 0.323
221.226.97.92 - - [17/Feb/2020:01:52:30 +0800] "GET /api/v0/search/fields/?exist_fields=&field=apache.status:long&filters=apache.status:%22200%22&order=desc&page=1&query=tag:test&size=50&sourcegroup=all&sourcegroupCn=%E6%89%80%E6%9C%89%E6%97%A5%E5%BF%97&time_range=1468256400000,1468339200000&type=fields HTTP/1.1" 200 90 "https://dv.u.rizhiyi.com/search/#?query=tag:test&time_range=1468256400000,1468339200000&order=desc&size=20&page=1&sourcegroup=all&type=timeline&filters=apache.status:%22200%22&exist_fields=&_t=1468313279868&title=%E9%BB%98%E8%AE%A4&index=0&_suid=1468313279870049950611133736133" "Mozilla/5.0 (compatible; MSIE 9.0; Windows NT 6.1; WOW64; Trident/5.0)" "112" 0.374 0.374
221.226.97.92 - - [17/Feb/2020:01:51:30 +0800] "GET /api/v0/search/onlytimeline/?exist_fields=&filters=&order=desc&page=1&query=tag:test&sid=5a55ba5516&size=20&sourcegroup=all&sourcegroupCn=%E6%89%80%E6%9C%89%E6%97%A5%E5%BF%97&time_range=1468256400000,1468339200000&type=timeline HTTP/1.1" 200 1236 "https://dv.u.rizhiyi.com/search/#?query=tag:test&time_range=1468252800000,1468339200000&order=desc&size=20&page=1&sourcegroup=all&type=timeline&filters=apache.clientip:%22192.168.1.144%22&exist_fields=&_t=1468309667967&title=%E9%BB%98%E8%AE%A4&index=0&_suid=1468309667969035002320575897977" "Mozilla/5.0 (compatible; MSIE 9.0; Windows NT 6.1; WOW64; Trident/5.0)" "111" 0.521 0.521
221.226.97.92 - - [17/Feb/2020:01:50:30 +0800] "GET /api/v0/search/onlyfields/?exist_fields=&filters=&order=desc&page=1&query=tag:test&sid=5a55ba5516&size=20&sourcegroup=all&sourcegroupCn=%E6%89%80%E6%9C%89%E6%97%A5%E5%BF%97&time_range=1468256400000,1468339200000&type=timeline HTTP/1.1" 200 1289 "https://dv.u.rizhiyi.com/search/#?query=tag:test&time_range=1468252800000,1468339200000&order=desc&size=20&page=1&sourcegroup=all&type=timeline&filters=apache.clientip:%22192.168.1.144%22&exist_fields=&_t=1468309667967&title=%E9%BB%98%E8%AE%A4&index=0&_suid=1468309667969035002320575897977" "Mozilla/5.0 (compatible; MSIE 9.0; Windows NT 6.1; WOW64; Trident/5.0)" "110" 0.500 0.500
221.226.97.92 - - [17/Feb/2020:01:49:30 +0800] "POST /api/v0/search/action/ HTTP/1.1" 200 25 "https://dv.u.rizhiyi.com/search/#?query=tag:test&time_range=1468256400000,1468339200000&order=desc&size=20&page=1&sourcegroup=all&type=timeline&filters=&exist_fields=&_t=1468312694568&title=%E9%BB%98%E8%AE%A4&index=0&_suid=1468312694569006252521440306613" "Mozilla/5.0 (compatible; MSIE 9.0; Windows NT 6.1; WOW64; Trident/5.0)" "109" 0.225 0.196
221.226.97.92 - - [17/Feb/2020:01:48:30 +0800] "GET /api/v0/search/events/table/?exist_fields=&filters=&order=desc&page=1&query=tag:test&sid=5a55ba5516&size=20&sourcegroup=all&sourcegroupCn=%E6%89%80%E6%9C%89%E6%97%A5%E5%BF%97&time_range=1468256400000,1468339200000&type=timeline HTTP/1.1" 200 92194 "https://dv.u.rizhiyi.com/search/#?query=tag:test&time_range=1468252800000,1468339200000&order=desc&size=20&page=1&sourcegroup=all&type=timeline&filters=apache.clientip:%22192.168.1.144%22&exist_fields=&_t=1468309667967&title=%E9%BB%98%E8%AE%A4&index=0&_suid=1468309667969035002320575897977" "Mozilla/5.0 (compatible; MSIE 9.0; Windows NT 6.1; WOW64; Trident/5.0)" "108" 0.935 0.847
221.226.97.92 - - [17/Feb/2020:01:47:30 +0800] "GET /api/v0/search/fields/?exist_fields=&field=tag:string&filters=&order=desc&page=1&query=%22244%22+AND+tag:test&size=50&sourcegroup=all&sourcegroupCn=%E6%89%80%E6%9C%89%E6%97%A5%E5%BF%97&time_range=1468256400000,1468339200000&type=fields HTTP/1.1" 200 91 "https://dv.u.rizhiyi.com/search/#?query=%22244%22%20AND%20tag:test&time_range=1468256400000,1468339200000&order=desc&size=20&page=1&sourcegroup=all&type=timeline&filters=&exist_fields=&_t=1468313165637&title=%E9%BB%98%E8%AE%A4&index=0&_suid=146831316563809840131055277892" "Mozilla/5.0 (compatible; MSIE 9.0; Windows NT 6.1; WOW64; Trident/5.0)" "107" 0.680 0.680
221.226.97.92 - - [17/Feb/2020:01:46:30 +0800] "GET /api/v0/search/fields/?exist_fields=&field=apache.status:long&filters=&order=desc&page=1&query=%22244%22+AND+tag:test&size=50&sourcegroup=all&sourcegroupCn=%E6%89%80%E6%9C%89%E6%97%A5%E5%BF%97&time_range=1468256400000,1468339200000&type=fields HTTP/1.1" 200 88 "https://dv.u.rizhiyi.com/search/#?query=%22244%22%20AND%20tag:test&time_range=1468256400000,1468339200000&order=desc&size=20&page=1&sourcegroup=all&type=timeline&filters=&exist_fields=&_t=1468313165637&title=%E9%BB%98%E8%AE%A4&index=0&_suid=146831316563809840131055277892" "Mozilla/5.0 (compatible; MSIE 9.0; Windows NT 6.1; WOW64; Trident/5.0)" "106" 0.348 0.348
221.226.97.92 - - [17/Feb/2020:01:45:30 +0800] "POST /api/v0/savedsearches/new/ HTTP/1.1" 200 25 "https://dv.u.rizhiyi.com/search/#?query=%22244%22%20AND%20tag:test&time_range=1468256400000,1468339200000&order=desc&size=20&page=1&sourcegroup=all&type=timeline&filters=apache.method:%22GET%22&exist_fields=&_t=1468312794694&title=%E9%BB%98%E8%AE%A4&index=0&_suid=146831279469505869896616510752" "Mozilla/5.0 (compatible; MSIE 9.0; Windows NT 6.1; WOW64; Trident/5.0)" "105" 0.443 0.419
221.226.97.92 - - [17/Feb/2020:01:44:30 +0800] "GET /api/v0/search/fields/?exist_fields=&field=appname:string&filters=&order=desc&page=1&query=%22244%22+AND+tag:test&size=50&sourcegroup=all&sourcegroupCn=%E6%89%80%E6%9C%89%E6%97%A5%E5%BF%97&time_range=1468256400000,1468339200000&type=fields HTTP/1.1" 200 63 "https://dv.u.rizhiyi.com/search/#?query=%22244%22%20AND%20tag:test&time_range=1468256400000,1468339200000&order=desc&size=20&page=1&sourcegroup=all&type=timeline&filters=&exist_fields=&_t=1468313165637&title=%E9%BB%98%E8%AE%A4&index=0&_suid=146831316563809840131055277892" "Mozilla/5.0 (compatible; MSIE 9.0; Windows NT 6.1; WOW64; Trident/5.0)" "104" 0.408 0.408
117.136.79.162 - - [17/Feb/2020:01:43:30 +0800] "POST /api/v0/search/action/ HTTP/1.1" 200 46 "https://rizhiyi01.u.rizhiyi.com/search/?query=*&time_range=-1d%2Cnow&order=desc&size=20&page=1&sourcegroup=all&type=timeline&filters=&exist_fields=&_t=1468308530758&title=%E6%96%B0%E6%A0%87%E7%AD%BE&index=8" "Mozilla/5.0 (Macintosh; Intel Mac OS X 10_10_3) AppleWebKit/537.36 (KHTML, like Gecko) Chrome/50.0.2661.18 Safari/537.36" "103" 0.475 0.144
117.136.79.162 - - [17/Feb/2020:01:42:30 +0800] "GET /api/v0/search/statis/fieldvalue/?exist_fields=&filters=&query=*&sourcegroupCn=%E6%89%80%E6%9C%89%E6%97%A5%E5%BF%97&stat_field=apache.req_time&stat_method=avg&stat_split_field=apache.request_path:string&time_range=-1d,now HTTP/1.1" 200 1408 "https://rizhiyi01.u.rizhiyi.com/search/?query=*&time_range=-1d%2Cnow&order=desc&size=20&page=1&sourcegroup=all&type=timeline&filters=&exist_fields=&_t=1468308530758&title=%E6%96%B0%E6%A0%87%E7%AD%BE&index=8" "Mozilla/5.0 (Macintosh; Intel Mac OS X 10_10_3) AppleWebKit/537.36 (KHTML, like Gecko) Chrome/50.0.2661.18 Safari/537.36" "102" 0.556 0.556
221.226.97.92 - - [17/Feb/2020:01:41:30 +0800] "GET /api/v0/search/fields/?exist_fields=&field=hostname:string&filters=&order=desc&page=1&query=%22244%22+AND+tag:test&size=50&sourcegroup=all&sourcegroupCn=%E6%89%80%E6%9C%89%E6%97%A5%E5%BF%97&time_range=1468256400000,1468339200000&type=fields HTTP/1.1" 200 100 "https://dv.u.rizhiyi.com/search/#?query=%22244%22%20AND%20tag:test&time_range=1468256400000,1468339200000&order=desc&size=20&page=1&sourcegroup=all&type=timeline&filters=&exist_fields=&_t=1468313165637&title=%E9%BB%98%E8%AE%A4&index=0&_suid=146831316563809840131055277892" "Mozilla/5.0 (compatible; MSIE 9.0; Windows NT 6.1; WOW64; Trident/5.0)" "101" 0.335 0.335
221.226.97.92 - - [17/Feb/2020:01:40:30 +0800] "GET /api/v0/search/fields/?exist_fields=&field=logtype:string&filters=&order=desc&page=1&query=%22244%22+AND+tag:test&size=50&sourcegroup=all&sourcegroupCn=%E6%89%80%E6%9C%89%E6%97%A5%E5%BF%97&time_range=1468256400000,1468339200000&type=fields HTTP/1.1" 200 93 "https://dv.u.rizhiyi.com/search/#?query=%22244%22%20AND%20tag:test&time_range=1468256400000,1468339200000&order=desc&size=20&page=1&sourcegroup=all&type=timeline&filters=&exist_fields=&_t=1468313165637&title=%E9%BB%98%E8%AE%A4&index=0&_suid=146831316563809840131055277892" "Mozilla/5.0 (compatible; MSIE 9.0; Windows NT 6.1; WOW64; Trident/5.0)" "100" 0.531 0.531
221.226.97.92 - - [17/Feb/2020:01:39:30 +0800] "POST /api/v0/search/action/ HTTP/1.1" 200 25 "https://dv.u.rizhiyi.com/search/#?query=%22244%22%20AND%20tag:test&time_range=1468256400000,1468339200000&order=desc&size=20&page=1&sourcegroup=all&type=timeline&filters=apache.method:%22GET%22&exist_fields=&_t=1468312780332&title=%E9%BB%98%E8%AE%A4&index=0&_suid=1468312780334008894137365316357" "Mozilla/5.0 (compatible; MSIE 9.0; Windows NT 6.1; WOW64; Trident/5.0)" "99" 0.205 0.176
221.226.97.92 - - [17/Feb/2020:01:38:30 +0800] "GET /api/v0/search/events/table/?exist_fields=&filters=apache.method:%22GET%22&order=desc&page=1&query=%22244%22+AND+tag:test&sid=4ca1c397b0&size=20&sourcegroup=all&sourcegroupCn=%E6%89%80%E6%9C%89%E6%97%A5%E5%BF%97&time_range=1468256400000,1468339200000&type=timeline HTTP/1.1" 200 28183 "https://dv.u.rizhiyi.com/search/#?query=%22244%22%20AND%20tag:test&time_range=1468256400000,1468339200000&order=desc&size=20&page=1&sourcegroup=all&type=timeline&filters=apache.method:%22GET%22&exist_fields=&_t=1468312780332&title=%E9%BB%98%E8%AE%A4&index=0&_suid=1468312780334008894137365316357" "Mozilla/5.0 (compatible; MSIE 9.0; Windows NT 6.1; WOW64; Trident/5.0)" "98" 0.879 0.849
221.226.97.92 - - [17/Feb/2020:01:37:30 +0800] "GET /api/v0/search/onlytimeline/?exist_fields=&filters=apache.method:%22GET%22&order=desc&page=1&query=%22244%22+AND+tag:test&sid=4ca1c397b0&size=20&sourcegroup=all&sourcegroupCn=%E6%89%80%E6%9C%89%E6%97%A5%E5%BF%97&time_range=1468256400000,1468339200000&type=timeline HTTP/1.1" 200 1230 "https://dv.u.rizhiyi.com/search/#?query=%22244%22%20AND%20tag:test&time_range=1468256400000,1468339200000&order=desc&size=20&page=1&sourcegroup=all&type=timeline&filters=apache.method:%22GET%22&exist_fields=&_t=1468312780332&title=%E9%BB%98%E8%AE%A4&index=0&_suid=1468312780334008894137365316357" "Mozilla/5.0 (compatible; MSIE 9.0; Windows NT 6.1; WOW64; Trident/5.0)" "97" 0.787 0.787
221.226.97.92 - - [17/Feb/2020:01:36:30 +0800] "GET /api/v0/search/onlyfields/?exist_fields=&filters=apache.method:%22GET%22&order=desc&page=1&query=%22244%22+AND+tag:test&sid=4ca1c397b0&size=20&sourcegroup=all&sourcegroupCn=%E6%89%80%E6%9C%89%E6%97%A5%E5%BF%97&time_range=1468256400000,1468339200000&type=timeline HTTP/1.1" 200 1289 "https://dv.u.rizhiyi.com/search/#?query=%22244%22%20AND%20tag:test&time_range=1468256400000,1468339200000&order=desc&size=20&page=1&sourcegroup=all&type=timeline&filters=apache.method:%22GET%22&exist_fields=&_t=1468312780332&title=%E9%BB%98%E8%AE%A4&index=0&_suid=1468312780334008894137365316357" "Mozilla/5.0 (compatible; MSIE 9.0; Windows NT 6.1; WOW64; Trident/5.0)" "96" 0.715 0.715
117.136.79.162 - - [17/Feb/2020:01:35:30 +0800] "GET /api/v0/search/statis/fieldvalue/?exist_fields=&filters=&query=*&sourcegroupCn=%E6%89%80%E6%9C%89%E6%97%A5%E5%BF%97&stat_field=apache.req_time&stat_method=sum&stat_split_field=apache.request_path:string&time_range=-1d,now HTTP/1.1" 200 1222 "https://rizhiyi01.u.rizhiyi.com/search/?query=*&time_range=-1d%2Cnow&order=desc&size=20&page=1&sourcegroup=all&type=timeline&filters=&exist_fields=&_t=1468308530758&title=%E6%96%B0%E6%A0%87%E7%AD%BE&index=8" "Mozilla/5.0 (Macintosh; Intel Mac OS X 10_10_3) AppleWebKit/537.36 (KHTML, like Gecko) Chrome/50.0.2661.18 Safari/537.36" "95" 0.589 0.589
117.136.79.162 - - [17/Feb/2020:01:34:30 +0800] "POST /api/v0/search/action/ HTTP/1.1" 200 46 "https://rizhiyi01.u.rizhiyi.com/search/?query=*&time_range=-1d%2Cnow&order=desc&size=20&page=1&sourcegroup=all&type=timeline&filters=&exist_fields=&_t=1468308530758&title=%E6%96%B0%E6%A0%87%E7%AD%BE&index=8" "Mozilla/5.0 (Macintosh; Intel Mac OS X 10_10_3) AppleWebKit/537.36 (KHTML, like Gecko) Chrome/50.0.2661.18 Safari/537.36" "94" 0.480 0.161
221.226.97.92 - - [17/Feb/2020:01:33:30 +0800] "GET /api/v0/search/fields/?exist_fields=&field=tag:string&filters=apache.method:%22GET%22&order=desc&page=1&query=%22244%22+AND+tag:test&size=50&sourcegroup=all&sourcegroupCn=%E6%89%80%E6%9C%89%E6%97%A5%E5%BF%97&time_range=1468256400000,1468339200000&type=fields HTTP/1.1" 200 91 "https://dv.u.rizhiyi.com/search/#?query=%22244%22%20AND%20tag:test&time_range=1468256400000,1468339200000&order=desc&size=20&page=1&sourcegroup=all&type=timeline&filters=apache.method:%22GET%22&exist_fields=&_t=1468312794694&title=%E9%BB%98%E8%AE%A4&index=0&_suid=146831279469505869896616510752" "Mozilla/5.0 (compatible; MSIE 9.0; Windows NT 6.1; WOW64; Trident/5.0)" "93" 0.515 0.515
117.136.79.162 - - [17/Feb/2020:01:32:30 +0800] "POST /api/v0/search/action/ HTTP/1.1" 200 46 "https://rizhiyi01.u.rizhiyi.com/search/?query=*&time_range=-1d%2Cnow&order=desc&size=20&page=1&sourcegroup=all&type=timeline&filters=&exist_fields=&_t=1468308530758&title=%E6%96%B0%E6%A0%87%E7%AD%BE&index=8" "Mozilla/5.0 (Macintosh; Intel Mac OS X 10_10_3) AppleWebKit/537.36 (KHTML, like Gecko) Chrome/50.0.2661.18 Safari/537.36" "92" 0.404 0.141
117.136.79.162 - - [17/Feb/2020:01:31:30 +0800] "GET /api/v0/search/statis/fieldvalue/?exist_fields=&filters=&query=*&sourcegroupCn=%E6%89%80%E6%9C%89%E6%97%A5%E5%BF%97&stat_field=apache.req_time&stat_method=max&stat_split_field=apache.request_path:string&time_range=-1d,now HTTP/1.1" 200 1028 "https://rizhiyi01.u.rizhiyi.com/search/?query=*&time_range=-1d%2Cnow&order=desc&size=20&page=1&sourcegroup=all&type=timeline&filters=&exist_fields=&_t=1468308530758&title=%E6%96%B0%E6%A0%87%E7%AD%BE&index=8" "Mozilla/5.0 (Macintosh; Intel Mac OS X 10_10_3) AppleWebKit/537.36 (KHTML, like Gecko) Chrome/50.0.2661.18 Safari/537.36" "91" 0.763 0.763
221.226.97.92 - - [17/Feb/2020:01:30:30 +0800] "GET /api/v0/search/fields/?exist_fields=&field=apache.method:string&filters=&order=desc&page=1&query=tag:test&size=50&sourcegroup=all&sourcegroupCn=%E6%89%80%E6%9C%89%E6%97%A5%E5%BF%97&time_range=1468256400000,1468339200000&type=fields HTTP/1.1" 200 123 "https://dv.u.rizhiyi.com/search/#?query=tag:test&time_range=1468256400000,1468339200000&order=desc&size=20&page=1&sourcegroup=all&type=timeline&filters=&exist_fields=&_t=1468312694568&title=%E9%BB%98%E8%AE%A4&index=0&_suid=1468312694569006252521440306613" "Mozilla/5.0 (compatible; MSIE 9.0; Windows NT 6.1; WOW64; Trident/5.0)" "90" 0.497 0.497
221.226.97.92 - - [17/Feb/2020:01:29:30 +0800] "GET /api/v0/search/events/table/?exist_fields=&filters=apache.method:%22GET%22&order=desc&page=1&query=%22244%22+AND+tag:test&sid=344635d776&size=20&sourcegroup=all&sourcegroupCn=%E6%89%80%E6%9C%89%E6%97%A5%E5%BF%97&time_range=1468256400000,1468339200000&type=timeline HTTP/1.1" 200 28190 "https://dv.u.rizhiyi.com/search/#?query=%22244%22%20AND%20tag:test&time_range=1468256400000,1468339200000&order=desc&size=20&page=1&sourcegroup=all&type=timeline&filters=apache.method:%22GET%22&exist_fields=&_t=1468312794694&title=%E9%BB%98%E8%AE%A4&index=0&_suid=146831279469505869896616510752" "Mozilla/5.0 (compatible; MSIE 9.0; Windows NT 6.1; WOW64; Trident/5.0)" "89" 0.840 0.840
221.226.97.92 - - [17/Feb/2020:01:28:30 +0800] "GET /api/v0/search/onlytimeline/?exist_fields=&filters=apache.method:%22GET%22&order=desc&page=1&query=%22244%22+AND+tag:test&sid=344635d776&size=20&sourcegroup=all&sourcegroupCn=%E6%89%80%E6%9C%89%E6%97%A5%E5%BF%97&time_range=1468256400000,1468339200000&type=timeline HTTP/1.1" 200 1230 "https://dv.u.rizhiyi.com/search/#?query=%22244%22%20AND%20tag:test&time_range=1468256400000,1468339200000&order=desc&size=20&page=1&sourcegroup=all&type=timeline&filters=apache.method:%22GET%22&exist_fields=&_t=1468312794694&title=%E9%BB%98%E8%AE%A4&index=0&_suid=146831279469505869896616510752" "Mozilla/5.0 (compatible; MSIE 9.0; Windows NT 6.1; WOW64; Trident/5.0)" "88" 0.828 0.828
221.226.97.92 - - [17/Feb/2020:01:27:30 +0800] "GET /api/v0/search/onlyfields/?exist_fields=&filters=apache.method:%22GET%22&order=desc&page=1&query=%22244%22+AND+tag:test&sid=344635d776&size=20&sourcegroup=all&sourcegroupCn=%E6%89%80%E6%9C%89%E6%97%A5%E5%BF%97&time_range=1468256400000,1468339200000&type=timeline HTTP/1.1" 200 1289 "https://dv.u.rizhiyi.com/search/#?query=%22244%22%20AND%20tag:test&time_range=1468256400000,1468339200000&order=desc&size=20&page=1&sourcegroup=all&type=timeline&filters=apache.method:%22GET%22&exist_fields=&_t=1468312794694&title=%E9%BB%98%E8%AE%A4&index=0&_suid=146831279469505869896616510752" "Mozilla/5.0 (compatible; MSIE 9.0; Windows NT 6.1; WOW64; Trident/5.0)" "87" 0.748 0.748
117.136.79.162 - - [17/Feb/2020:01:26:30 +0800] "POST /api/v0/search/action/ HTTP/1.1" 200 46 "https://rizhiyi01.u.rizhiyi.com/search/?query=*&time_range=-1d%2Cnow&order=desc&size=20&page=1&sourcegroup=all&type=timeline&filters=&exist_fields=&_t=1468308530758&title=%E6%96%B0%E6%A0%87%E7%AD%BE&index=8" "Mozilla/5.0 (Macintosh; Intel Mac OS X 10_10_3) AppleWebKit/537.36 (KHTML, like Gecko) Chrome/50.0.2661.18 Safari/537.36" "86" 0.486 0.145
117.136.79.162 - - [17/Feb/2020:01:25:30 +0800] "GET /api/v0/search/statis/fieldvalue/?exist_fields=&filters=&query=*&sourcegroupCn=%E6%89%80%E6%9C%89%E6%97%A5%E5%BF%97&stat_field=apache.req_time&stat_method=avg&stat_split_field=apache.request_path:string&time_range=-1d,now HTTP/1.1" 200 1437 "https://rizhiyi01.u.rizhiyi.com/search/?query=*&time_range=-1d%2Cnow&order=desc&size=20&page=1&sourcegroup=all&type=timeline&filters=&exist_fields=&_t=1468308530758&title=%E6%96%B0%E6%A0%87%E7%AD%BE&index=8" "Mozilla/5.0 (Macintosh; Intel Mac OS X 10_10_3) AppleWebKit/537.36 (KHTML, like Gecko) Chrome/50.0.2661.18 Safari/537.36" "85" 0.867 0.867
221.226.97.92 - - [17/Feb/2020:01:24:30 +0800] "POST /api/v0/search/action/ HTTP/1.1" 200 25 "https://dv.u.rizhiyi.com/search/#?query=%22244%22%20AND%20tag:test&time_range=1468256400000,1468339200000&order=desc&size=20&page=1&sourcegroup=all&type=timeline&filters=apache.method:%22GET%22&exist_fields=&_t=1468312794694&title=%E9%BB%98%E8%AE%A4&index=0&_suid=146831279469505869896616510752" "Mozilla/5.0 (compatible; MSIE 9.0; Windows NT 6.1; WOW64; Trident/5.0)" "84" 0.269 0.185
221.226.97.92 - - [17/Feb/2020:01:23:30 +0800] "GET /api/v0/search/onlyfields/?exist_fields=&filters=&order=desc&page=1&query=%22244%22+AND+tag:test&sid=0169271b53&size=20&sourcegroup=all&sourcegroupCn=%E6%89%80%E6%9C%89%E6%97%A5%E5%BF%97&time_range=1468256400000,1468339200000&type=timeline HTTP/1.1" 200 1289 "https://dv.u.rizhiyi.com/search/#?query=%22244%22%20AND%20tag:test&time_range=1468256400000,1468339200000&order=desc&size=20&page=1&sourcegroup=all&type=timeline&filters=apache.method:%22GET%22&exist_fields=&_t=1468312794694&title=%E9%BB%98%E8%AE%A4&index=0&_suid=146831279469505869896616510752" "Mozilla/5.0 (compatible; MSIE 9.0; Windows NT 6.1; WOW64; Trident/5.0)" "83" 0.571 0.571
221.226.97.92 - - [17/Feb/2020:01:22:30 +0800] "GET /api/v0/search/onlytimeline/?exist_fields=&filters=&order=desc&page=1&query=%22244%22+AND+tag:test&sid=0169271b53&size=20&sourcegroup=all&sourcegroupCn=%E6%89%80%E6%9C%89%E6%97%A5%E5%BF%97&time_range=1468256400000,1468339200000&type=timeline HTTP/1.1" 200 1230 "https://dv.u.rizhiyi.com/search/#?query=%22244%22%20AND%20tag:test&time_range=1468256400000,1468339200000&order=desc&size=20&page=1&sourcegroup=all&type=timeline&filters=apache.method:%22GET%22&exist_fields=&_t=1468312794694&title=%E9%BB%98%E8%AE%A4&index=0&_suid=146831279469505869896616510752" "Mozilla/5.0 (compatible; MSIE 9.0; Windows NT 6.1; WOW64; Trident/5.0)" "82" 0.548 0.548
221.226.97.92 - - [17/Feb/2020:01:21:30 +0800] "POST /api/v0/search/action/ HTTP/1.1" 200 25 "https://dv.u.rizhiyi.com/search/#?query=%22244%22%20AND%20tag:test&time_range=1468256400000,1468339200000&order=desc&size=20&page=1&sourcegroup=all&type=timeline&filters=&exist_fields=&_t=1468313156573&title=%E9%BB%98%E8%AE%A4&index=0&_suid=146831315657305394049148594845" "Mozilla/5.0 (compatible; MSIE 9.0; Windows NT 6.1; WOW64; Trident/5.0)" "81" 0.217 0.184
221.226.97.92 - - [17/Feb/2020:01:20:30 +0800] "GET /api/v0/search/events/table/?exist_fields=&filters=&order=desc&page=1&query=%22244%22+AND+tag:test&sid=0169271b53&size=20&sourcegroup=all&sourcegroupCn=%E6%89%80%E6%9C%89%E6%97%A5%E5%BF%97&time_range=1468256400000,1468339200000&type=timeline HTTP/1.1" 200 28183 "https://dv.u.rizhiyi.com/search/#?query=%22244%22%20AND%20tag:test&time_range=1468256400000,1468339200000&order=desc&size=20&page=1&sourcegroup=all&type=timeline&filters=apache.method:%22GET%22&exist_fields=&_t=1468312794694&title=%E9%BB%98%E8%AE%A4&index=0&_suid=146831279469505869896616510752" "Mozilla/5.0 (compatible; MSIE 9.0; Windows NT 6.1; WOW64; Trident/5.0)" "80" 0.651 0.622
221.226.97.92 - - [17/Feb/2020:01:19:30 +0800] "GET /api/v0/search/onlyfields/?exist_fields=&filters=apache.method:%22GET%22&order=desc&page=1&query=tag:test&sid=ece0df086f&size=20&sourcegroup=all&sourcegroupCn=%E6%89%80%E6%9C%89%E6%97%A5%E5%BF%97&time_range=1468256400000,1468339200000&type=timeline HTTP/1.1" 200 1289 "https://dv.u.rizhiyi.com/search/#?query=tag:test&time_range=1468256400000,1468339200000&order=desc&size=20&page=1&sourcegroup=all&type=timeline&filters=&exist_fields=&_t=1468312694568&title=%E9%BB%98%E8%AE%A4&index=0&_suid=1468312694569006252521440306613" "Mozilla/5.0 (compatible; MSIE 9.0; Windows NT 6.1; WOW64; Trident/5.0)" "79" 0.542 0.542
221.226.97.92 - - [17/Feb/2020:01:18:30 +0800] "GET /api/v0/search/onlytimeline/?exist_fields=&filters=apache.method:%22GET%22&order=desc&page=1&query=tag:test&sid=ece0df086f&size=20&sourcegroup=all&sourcegroupCn=%E6%89%80%E6%9C%89%E6%97%A5%E5%BF%97&time_range=1468256400000,1468339200000&type=timeline HTTP/1.1" 200 1235 "https://dv.u.rizhiyi.com/search/#?query=tag:test&time_range=1468256400000,1468339200000&order=desc&size=20&page=1&sourcegroup=all&type=timeline&filters=&exist_fields=&_t=1468312694568&title=%E9%BB%98%E8%AE%A4&index=0&_suid=1468312694569006252521440306613" "Mozilla/5.0 (compatible; MSIE 9.0; Windows NT 6.1; WOW64; Trident/5.0)" "78" 0.528 0.528
117.136.79.162 - - [17/Feb/2020:01:17:30 +0800] "GET /api/v0/search/statis/fieldvalue/?exist_fields=&filters=&query=*&sourcegroupCn=%E6%89%80%E6%9C%89%E6%97%A5%E5%BF%97&stat_field=apache.req_time&stat_method=max&stat_split_field=apache.request_path:string&time_range=-1d,now HTTP/1.1" 200 1007 "https://rizhiyi01.u.rizhiyi.com/search/?query=*&time_range=-1d%2Cnow&order=desc&size=20&page=1&sourcegroup=all&type=timeline&filters=&exist_fields=&_t=1468308530758&title=%E6%96%B0%E6%A0%87%E7%AD%BE&index=8" "Mozilla/5.0 (Macintosh; Intel Mac OS X 10_10_3) AppleWebKit/537.36 (KHTML, like Gecko) Chrome/50.0.2661.18 Safari/537.36" "77" 0.791 0.791
117.136.79.162 - - [17/Feb/2020:01:16:30 +0800] "POST /api/v0/search/action/ HTTP/1.1" 200 46 "https://rizhiyi01.u.rizhiyi.com/search/?query=*&time_range=-1d%2Cnow&order=desc&size=20&page=1&sourcegroup=all&type=timeline&filters=&exist_fields=&_t=1468308530758&title=%E6%96%B0%E6%A0%87%E7%AD%BE&index=8" "Mozilla/5.0 (Macintosh; Intel Mac OS X 10_10_3) AppleWebKit/537.36 (KHTML, like Gecko) Chrome/50.0.2661.18 Safari/537.36" "76" 0.499 0.203
113.59.34.34 - - [17/Feb/2020:01:15:30 +0800] "GET /index/ping/?gw_id=0395BUS7419399&sys_uptime=2142&sys_memfree=97652&sys_load=0.02&wifidog_uptime=12734598&route_mac=C0:61:18:FB:53:6C&route_version=100MSH4310_R_2.0.2.1 HTTP/1.0" 200 5 "75" "WiFiDog 20130917" "75" 
113.59.34.34 - - [17/Feb/2020:01:14:30 +0800] "GET /index/login/?gw_address=192.168.11.1&gw_port=2060&gw_id=0316BUS7453208&mac=38:bc:1a:ad:3b:9d&url=http%3A//www.flyme.cn/service/uc_ucPhoneAct/checkPhoneImsi.jsonp%3Fp0%3D460027311828631%26p1%3D366a670887e2ddc7754ae4ced6d392c3 HTTP/1.1" 200 2012 "74" "74" "74" 
113.59.34.34 - - [17/Feb/2020:01:13:30 +0800] "GET /index/ping/?gw_id=0395BUS7456565&sys_uptime=18685&sys_memfree=97400&sys_load=0.01&wifidog_uptime=1106419&route_mac=C0:61:18:FB:4D:0F&route_version=100MSH4310_R_2.0.2.1 HTTP/1.0" 200 5 "73" "WiFiDog 20130917" "73" 
113.59.34.34 - - [17/Feb/2020:01:12:30 +0800] "GET /index/login/?gw_address=192.168.11.1&gw_port=2060&gw_id=0395BUS7464171&mac=88:32:9b:7f:58:94&url=http%3A//gcn.happyelements.cn/apis/l HTTP/1.1" 200 4663 "72" "AHC" "72" 
113.59.34.34 - - [17/Feb/2020:01:11:30 +0800] "GET /index/login/?gw_address=192.168.11.1&gw_port=2060&gw_id=0395BUS7464171&mac=88:32:9b:7f:58:94&url=http%3A//configsvr.msf.3g.qq.com/configsvr/serverlist.jsp%3FmType%3Dgetssolist HTTP/1.1" 200 1961 "71" "Dalvik/1.6.0 (Linux; U; Android 4.3; GT-N7108 Build/JSS15J)" "71" 
113.59.34.34 - - [17/Feb/2020:01:10:30 +0800] "GET /getPartnerList?id=0395BUS7453588 HTTP/1.1" 304 0 "http://wifi.100msh.com/index/login/?gw_address=192.168.11.1&gw_port=2060&gw_id=0395BUS7453588&mac=00:0c:e7:13:2b:e9&url=http%3A//g.163.com/a%3FCID%3D27104%26Values%3D3242281463%26Redirect%3Dhttp%3A/yoy.i0047.cn/" "Mozilla/5.0 (Linux; U; Android 4.2.2; zh-cn; Doeasy E700 Build/JDQ39) AppleWebKit/534.24 (KHTML, like Gecko) Version/4.0 Mobile Safari/534.24 T5/2.0 baiduboxapp/5.3 (Baidu; P1 4.2.2)" "70" 
1.207.60.51 - - [17/Feb/2020:01:09:30 +0800] "GET /index/login/?gw_address=192.168.11.3&gw_port=2060&gw_id=0855A0086&mac=30:9b:ad:a3:e8:53&url=http%3A//omgmta.qq.com%3A80/mstat/report HTTP/1.1" 200 1935 "69" "69" "69" 
1.207.60.51 - - [17/Feb/2020:01:08:30 +0800] "POST /index/login/?gw_address=192.168.11.3&gw_port=2060&gw_id=0855A0086&mac=48:6b:2c:13:7b:c0&url=http%3A//eventlog.beacon.qq.com/analytics/upload%3FmType%3Dbeacon HTTP/1.1" 405 87 "68" "68" "68" 
1.207.60.51 - - [17/Feb/2020:01:07:30 +0800] "GET /index/login/?gw_address=192.168.11.3&gw_port=2060&gw_id=0855A0086&mac=30:9b:ad:a3:e8:53&url=http%3A//omgmta.qq.com%3A80/mstat/report HTTP/1.1" 200 1935 "67" "67" "67" 
1.207.60.51 - - [17/Feb/2020:01:06:30 +0800] "GET /index/login/?gw_address=192.168.11.3&gw_port=2060&gw_id=0855A0086&mac=30:9b:ad:a3:e8:53&url=http%3A//omgmta.qq.com%3A80/mstat/report HTTP/1.1" 200 1935 "66" "66" "66" 
1.207.60.51 - - [17/Feb/2020:01:05:30 +0800] "GET /index/login/?gw_address=192.168.11.3&gw_port=2060&gw_id=0855A0086&mac=48:6b:2c:13:7b:c0&url=http%3A//sysupgrade.bbk.com/update/query%3Fmodel%3DPD1304B%26imei%3D865596027346064%26version%3DPD1304B_N_PD1304BTMA_1.14.0%26hboot%3D1.1.0%26protocalversion%3D1.0%26flag%3D0%26public_model%3Dvivo%2BY13%26elapsedtime%3D2427371187 HTTP/1.1" 200 5426 "65" "Apache-HttpClient/UNAVAILABLE (java 1.4)" "65" 
1.207.60.51 - - [17/Feb/2020:01:04:30 +0800] "GET /index/login/?gw_address=192.168.11.3&gw_port=2060&gw_id=0855A0086&mac=48:6b:2c:13:7b:c0&url=http%3A//comm.inner.bbk.com/phoneSysFile/getUpdateInfo%3Fmodel%3DvivoY13%26imei%3D865596027346064%26ver%3D20131225115047%26elapsedtime%3D2427371225%26type%3D2 HTTP/1.1" 200 2025 "64" "Dalvik/1.6.0 (Linux; U; Android 4.2.2; vivo Y13 Build/JDQ39)" "64" 
1.207.60.51 - - [17/Feb/2020:01:03:30 +0800] "GET /index/login/?gw_address=192.168.11.3&gw_port=2060&gw_id=0855A0086&mac=30:9b:ad:a3:e8:53&url=http%3A//msg.m.letv.com/android/index.php%3Fid%3D-1%26msgid%3D%26dev_id%3Dd12016ad27fc4532ce72f16dbc35f7de%26ctl%3Dpushmsg%26mod%3Dminfo%26pcode%3D010110106%26act%3Dindex%26version%3D5.5.1 HTTP/1.1" 200 2040 "63" "Dalvik/1.6.0 (Linux; U; Android 4.2.2; vivo Y17T Build/JDQ39)" "63" 
183.14.126.214 - - [17/Feb/2020:01:02:30 +0800] "GET /index/login/?gw_address=192.168.11.1&gw_port=2060&gw_id=0755A3077&mac=f0:25:b7:c7:77:71&url=http%3A//usr.mb.hd.sohu.com/getts.json HTTP/1.1" 200 1933 "62" "Dalvik/1.6.0 (Linux; U; Android 4.4.2; SM-G900F Build/KOT49H)" "62" 
183.14.126.214 - - [17/Feb/2020:01:01:30 +0800] "GET /index/login/?gw_address=192.168.11.1&gw_port=2060&gw_id=0755A3077&mac=f0:25:b7:c7:77:71&url=http%3A//usr.mb.hd.sohu.com/getts.json HTTP/1.1" 200 1933 "61" "Dalvik/1.6.0 (Linux; U; Android 4.4.2; SM-G900F Build/KOT49H)" "61" 
183.14.126.214 - - [17/Feb/2020:01:00:30 +0800] "GET /index/login/?gw_address=192.168.11.1&gw_port=2060&gw_id=0755A3077&mac=f0:25:b7:c7:77:71&url=http%3A//usr.mb.hd.sohu.com/getts.json HTTP/1.1" 200 1933 "60" "Dalvik/1.6.0 (Linux; U; Android 4.4.2; SM-G900F Build/KOT49H)" "60" 
183.14.126.214 - - [17/Feb/2020:00:59:30 +0800] "GET /index/login/?gw_address=192.168.11.1&gw_port=2060&gw_id=0755A3077&mac=f0:25:b7:c7:77:71&url=http%3A//usr.mb.hd.sohu.com/getts.json HTTP/1.1" 200 1933 "59" "Dalvik/1.6.0 (Linux; U; Android 4.4.2; SM-G900F Build/KOT49H)" "59" 
183.14.126.214 - - [17/Feb/2020:00:58:30 +0800] "GET /index/login/?gw_address=192.168.11.1&gw_port=2060&gw_id=0755A3077&mac=f0:25:b7:c7:77:71&url=http%3A//usr.mb.hd.sohu.com/getts.json HTTP/1.1" 200 1933 "58" "Dalvik/1.6.0 (Linux; U; Android 4.4.2; SM-G900F Build/KOT49H)" "58" 
183.14.126.214 - - [17/Feb/2020:00:57:30 +0800] "GET /index/login/?gw_address=192.168.11.1&gw_port=2060&gw_id=0755A3077&mac=f0:25:b7:c7:77:71&url=http%3A//usr.mb.hd.sohu.com/getts.json HTTP/1.1" 200 1933 "57" "Dalvik/1.6.0 (Linux; U; Android 4.4.2; SM-G900F Build/KOT49H)" "57" 
183.14.126.214 - - [17/Feb/2020:00:56:30 +0800] "GET /index/login/?gw_address=192.168.11.1&gw_port=2060&gw_id=0755A3077&mac=f0:25:b7:c7:77:71&url=http%3A//usr.mb.hd.sohu.com/getts.json HTTP/1.1" 200 1933 "56" "Dalvik/1.6.0 (Linux; U; Android 4.4.2; SM-G900F Build/KOT49H)" "56" 
183.14.126.214 - - [17/Feb/2020:00:55:30 +0800] "POST /index/login/?gw_address=192.168.11.1&gw_port=2060&gw_id=0755A3077&mac=f0:25:b7:c7:77:71&url=http%3A//new-event.sng.qq.com/analytics/upload HTTP/1.1" 405 87 "55" "55" "55" 
183.14.126.214 - - [17/Feb/2020:00:54:30 +0800] "GET /index/login/?gw_address=192.168.11.1&gw_port=2060&gw_id=0755A3077&mac=f0:25:b7:c7:77:71&url=http%3A//usr.mb.hd.sohu.com/getts.json HTTP/1.1" 200 1933 "54" "Dalvik/1.6.0 (Linux; U; Android 4.4.2; SM-G900F Build/KOT49H)" "54" 
112.230.111.56 - - [17/Feb/2020:00:53:30 +0800] "GET /index/auth/?stage=counters&ip=192.168.11.119&mac=94:94:26:c4:b1:81&token=a87c640e31a5c47d244f55a6fff7fb00883f4324&incoming=42365602&outgoing=2202163&gw_id=0531LC000066 HTTP/1.0" 200 8 "53" "WiFiDog 20130917" "53" 
112.228.159.8 - - [17/Feb/2020:00:52:30 +0800] "GET /index/login/?gw_address=192.168.11.1&gw_port=2060&gw_id=0539ls901940&mac=a0:82:1f:08:77:93&url=http%3A//lbs.map.soso.com/loc%3Fc%3D1%26mars%3D1 HTTP/1.1" 200 1941 "52" "SOSO MAP LBS SDK" "52" 
121.239.199.45 - - [17/Feb/2020:00:51:30 +0800] "POST /index/login/?gw_address=192.168.19.1&gw_port=2060&gw_id=0512XC000042&mac=9c:e6:e7:b9:09:53&url=http%3A//eventlog.beacon.qq.com/analytics/upload%3FmType%3Dbeacon HTTP/1.1" 405 87 "51" "51" "51" 
112.230.111.56 - - [17/Feb/2020:00:50:30 +0800] "POST /index/login/?gw_address=192.168.11.1&gw_port=2060&gw_id=0531LC000066&mac=00:0c:e7:75:22:c3&url=http%3A//eventlog.beacon.qq.com/analytics/upload%3FmType%3Dbeacon HTTP/1.1" 405 87 "50" "50" "50" 
171.221.120.144 - - [17/Feb/2020:00:49:30 +0800] "GET /index/login/?gw_address=192.168.11.1&gw_port=2060&gw_id=0281000525&mac=94:35:0a:0c:e9:b4&url=http%3A//clients3.google.com/generate_204 HTTP/1.1" 200 1931 "49" "Mozilla/5.0 (Linux; U; Android 4.1.2; zh-cn; GT-S7572 Build/JZO54K) AppleWebKit/534.30 (KHTML, like Gecko) Version/4.0 Mobile Safari/534.30" "49" 
180.111.235.147 - - [17/Feb/2020:00:48:30 +0800] "GET /index/login/?gw_address=192.168.12.1&gw_port=2060&gw_id=025QH000113&mac=40:cb:a8:cf:6d:bb&url=http%3A//wireless.mapbar.com/position/%3Fgb%3D02%26tp%3D13%26ch%3Dutf-8%26ict%3D2%26key%3D%255BAndroid%255D%255BWxXO86INN8mJfxY%252FluhbhA%253D%253D%255DeJxtyMEKgkAQgOEHcsJxdnbdWfESheA1u3ir2LqoB81M2IcvIogy%252FtP%252FIeCnjA0iwmtIhfcRGkpBS2IUJHqp8lcJZIkp2G80mLL%252BRS2k5YmZZWfJndnh0TG6kwRfTuvismniyNe30d%252BHyO%252B76IDjrNqhjpu%252Br9qxrNqu3s7xlXfFlOdhpW0gNhQwKIHsAVgGO7U%253D%26idx%3D40 HTTP/1.1" 200 6056 "48" "Android_CellLocation_2.0.110953_BnCeGePcEnGlIaGmCaAeCkNdLiBkNdHaCjPnLeMdKeJaGiHfGlHdCjEeElPfPeBc@%E5%A4%A9%E6%B0%94_5.1.62;860623022307522;89860035101480138233;Huawei;HUAWEI G610-U00;17" "48" 
58.16.149.50 - - [17/Feb/2020:00:47:30 +0800] "GET /index/login/?gw_address=192.168.11.1&gw_port=2060&gw_id=0855A0067&mac=80:cf:41:51:49:c0&url=http%3A//rtmonitor.kugou.com/mobile/MobileStat.aspx%3FOs%3D0%26Ver%3D6342%26Md5%3D80f62ba1677157be6693f2e84741f0b0%26State%3D1%26Imei%3D4349540941140262753%26UID%3D425518050%26Type%3D43%26Net%3D2%26ftype%3D011%26Para%3D0 HTTP/1.1" 200 2061 "47" "AndroidPhone-6342-Statistics-wifi" "47" 
101.36.95.226 - - [17/Feb/2020:00:46:30 +0800] "GET /index/login/?gw_address=192.168.13.1&gw_port=2060&gw_id=0316YJ000174&mac=00:1f:3b:cb:f4:9f&url=http%3A//hq.sinajs.cn/list%3Dsys_hqEtagMode HTTP/1.1" 200 1945 "http://ent.sina.com.cn/" "Mozilla/5.0 (Windows NT 5.1) AppleWebKit/537.1 (KHTML, like Gecko) Chrome/21.0.1180.89 Safari/537.1" "46" 
171.221.121.163 - - [17/Feb/2020:00:45:30 +0800] "GET /index/login/?gw_address=192.168.11.1&gw_port=2060&gw_id=0281000010&mac=00:66:4b:71:34:c5&url=http%3A//weixin.qq.com/cgi-bin/stackreport%3Fversion%3D25000104%26filelength%3D1615%26sum%3Df8d93668b7e9c633a7a8f9ea5edfcbf3%26reporttype%3D1%26username%3Dwxid_imcaxrzopyre22 HTTP/1.1" 200 5203 "45" "Apache-HttpClient/UNAVAILABLE (java 1.4)" "45" 
58.16.149.50 - - [17/Feb/2020:00:44:30 +0800] "GET /index/login/?gw_address=192.168.11.5&gw_port=2060&gw_id=0855A0067&mac=c8:dd:c9:49:61:72&url=http%3A//wspeed.qq.com/tpns.cgi HTTP/1.1" 200 4618 "44" "AndroidSDK_16_A820t_4.1.2" "44" 
112.228.159.8 - - [17/Feb/2020:00:43:30 +0800] "GET /index/login/?gw_address=192.168.11.1&gw_port=2060&gw_id=0539ls901940&mac=a0:82:1f:08:77:93&url=http%3A//lbs.map.soso.com/loc%3Fc%3D1%26mars%3D1 HTTP/1.1" 200 1941 "43" "SOSO MAP LBS SDK" "43" 
112.230.111.56 - - [17/Feb/2020:00:42:30 +0800] "GET /index/auth/?stage=counters&ip=192.168.11.107&mac=50:ea:d6:81:ca:a5&token=a6c6362b8c4f74efce8dd1d746aa8d018b985b3e&incoming=126482771&outgoing=4094595&gw_id=0531LC000066 HTTP/1.0" 200 8 "42" "WiFiDog 20130917" "42" 
101.36.95.226 - - [17/Feb/2020:00:41:30 +0800] "GET /index/login/?gw_address=192.168.13.1&gw_port=2060&gw_id=0316YJ000174&mac=00:1f:3b:cb:f4:9f&url=http%3A//hq.sinajs.cn/list%3Dsys_hqEtagMode HTTP/1.1" 200 1945 "http://ent.sina.com.cn/" "Mozilla/5.0 (Windows NT 5.1) AppleWebKit/537.1 (KHTML, like Gecko) Chrome/21.0.1180.89 Safari/537.1" "41" 
171.221.120.144 - - [17/Feb/2020:00:40:30 +0800] "GET /static/css/wifi.css?v=20140625 HTTP/1.1" 200 2347 "http://wifi.100msh.com/index/login/?gw_address=192.168.11.1&gw_port=2060&gw_id=0281000525&mac=94:35:0a:0c:e9:b4&url=http%3A//clients3.google.com/generate_204" "Mozilla/5.0 (Linux; U; Android 4.1.2; zh-cn; GT-S7572 Build/JZO54K) AppleWebKit/534.30 (KHTML, like Gecko) Version/4.0 Mobile Safari/534.30" "40" 
112.228.159.8 - - [17/Feb/2020:00:39:30 +0800] "GET /index/login/?gw_address=192.168.11.1&gw_port=2060&gw_id=0539ls901940&mac=a0:82:1f:08:77:93&url=http%3A//lbs.map.soso.com/loc%3Fc%3D1%26mars%3D1 HTTP/1.1" 200 1941 "39" "SOSO MAP LBS SDK" "39" 
112.230.111.56 - - [17/Feb/2020:00:38:30 +0800] "GET /index/auth/?stage=counters&ip=192.168.11.172&mac=90:4e:2b:85:8d:5e&token=a3eb265975b93110e73d41bc28eaff72b617acee&incoming=13357633&outgoing=1140129&gw_id=0531LC000066 HTTP/1.0" 200 8 "38" "WiFiDog 20130917" "38" 
101.36.95.226 - - [17/Feb/2020:00:37:30 +0800] "POST /index/login/?gw_address=192.168.11.1&gw_port=2060&gw_id=0316YJ000325&mac=a4:3d:78:b0:bc:ec&url=http%3A//monitor.uu.qq.com/analytics/upload HTTP/1.1" 405 87 "37" "37" "37" 
171.221.122.113 - - [17/Feb/2020:00:36:30 +0800] "GET /index/login/?gw_address=192.168.11.1&gw_port=2060&gw_id=0281000500&mac=18:dc:56:7c:2c:e6&url=http%3A//w3.youmbook.com/3/wsb.jsp HTTP/1.1" 200 1927 "http://w3.youmbook.com/3/wsb.jsp" "Dalvik/1.6.0 (Linux; U; Android 4.3; Coolpad 8720L Build/JSS15Q)" "36" 
121.239.199.45 - - [17/Feb/2020:00:35:30 +0800] "GET /index/login/?gw_address=192.168.19.1&gw_port=2060&gw_id=0512XC000042&mac=ac:e2:15:17:ad:70&url=http%3A//infoc2.cm.ksmobile.com/c/ HTTP/1.1" 200 4661 "35" "35" "35" 
58.16.149.50 - - [17/Feb/2020:00:34:30 +0800] "POST /index/login/?gw_address=192.168.11.1&gw_port=2060&gw_id=0855A0067&mac=80:cf:41:51:49:c0&url=http%3A//eventlog.beacon.qq.com/analytics/upload%3FmType%3Dbeacon HTTP/1.1" 405 87 "34" "34" "34" 
171.221.120.144 - - [17/Feb/2020:00:33:30 +0800] "GET /static/img/logo.png HTTP/1.1" 200 8552 "http://wifi.100msh.com/index/login/?gw_address=192.168.11.1&gw_port=2060&gw_id=0281000525&mac=94:35:0a:0c:e9:b4&url=http%3A//clients3.google.com/generate_204" "Mozilla/5.0 (Linux; U; Android 4.1.2; zh-cn; GT-S7572 Build/JZO54K) AppleWebKit/534.30 (KHTML, like Gecko) Version/4.0 Mobile Safari/534.30" "33" 
114.54.31.85 - - [17/Feb/2020:00:32:30 +0800] "POST /index/login/?gw_address=192.168.11.1&gw_port=2060&gw_id=0539ls901246&mac=e8:bb:a8:41:e6:1f&url=http%3A//eventlog.beacon.qq.com/analytics/upload HTTP/1.1" 405 87 "32" "32" "32" 
112.230.111.56 - - [17/Feb/2020:00:31:30 +0800] "GET /index/auth/?stage=counters&ip=192.168.11.164&mac=74:27:ea:10:bc:f1&token=2f9c63825a6a3c846e7dca063b542a6c6ed457ea&incoming=6851507&outgoing=549347&gw_id=0531LC000066 HTTP/1.0" 200 8 "31" "WiFiDog 20130917" "31" 
101.36.95.226 - - [17/Feb/2020:00:30:30 +0800] "GET /index/login/?gw_address=192.168.13.1&gw_port=2060&gw_id=0316YJ000174&mac=00:1f:3b:cb:f4:9f&url=http%3A//hq.sinajs.cn/list%3Dsys_hqEtagMode HTTP/1.1" 200 1945 "http://ent.sina.com.cn/" "Mozilla/5.0 (Windows NT 5.1) AppleWebKit/537.1 (KHTML, like Gecko) Chrome/21.0.1180.89 Safari/537.1" "30" 
171.221.122.113 - - [17/Feb/2020:00:29:30 +0800] "GET /index/login/?gw_address=192.168.11.1&gw_port=2060&gw_id=0281000500&mac=18:dc:56:7c:2c:e6&url=http%3A//w3.youmbook.com/3/wsb.jsp HTTP/1.1" 200 1927 "http://w3.youmbook.com/3/wsb.jsp" "Dalvik/1.6.0 (Linux; U; Android 4.3; Coolpad 8720L Build/JSS15Q)" "29" 
171.221.121.163 - - [17/Feb/2020:00:28:30 +0800] "GET /index/login/?gw_address=192.168.11.1&gw_port=2060&gw_id=0281000010&mac=00:66:4b:71:34:c5&url=http%3A//weixin.qq.com/cgi-bin/stackreport%3Fversion%3D25000104%26filelength%3D1615%26sum%3Df8d93668b7e9c633a7a8f9ea5edfcbf3%26reporttype%3D1%26username%3Dwxid_imcaxrzopyre22 HTTP/1.1" 200 5203 "28" "Apache-HttpClient/UNAVAILABLE (java 1.4)" "28" 
171.221.120.144 - - [17/Feb/2020:00:27:30 +0800] "GET /index/login/?gw_address=192.168.11.1&gw_port=2060&gw_id=0281000525&mac=94:35:0a:0c:e9:b4&url=http%3A//hm.baidu.com/h.js%3Fb49019c3ef9bdcc365d1a0e81602b8ad HTTP/1.1" 200 1919 "http://wifi.100msh.com/index/login/?gw_address=192.168.11.1&gw_port=2060&gw_id=0281000525&mac=94:35:0a:0c:e9:b4&url=http%3A//clients3.google.com/generate_204" "Mozilla/5.0 (Linux; U; Android 4.1.2; zh-cn; GT-S7572 Build/JZO54K) AppleWebKit/534.30 (KHTML, like Gecko) Version/4.0 Mobile Safari/534.30" "27" 
171.221.122.113 - - [17/Feb/2020:00:26:30 +0800] "GET /index/login/?gw_address=192.168.11.1&gw_port=2060&gw_id=0281000500&mac=18:dc:56:7c:2c:e6&url=http%3A//w3.youmbook.com/3/wsb.jsp HTTP/1.1" 200 1927 "http://w3.youmbook.com/3/wsb.jsp" "Dalvik/1.6.0 (Linux; U; Android 4.3; Coolpad 8720L Build/JSS15Q)" "26" 
101.36.95.226 - - [17/Feb/2020:00:25:30 +0800] "GET /index/login/?gw_address=192.168.11.1&gw_port=2060&gw_id=0316YJ000571&mac=70:f9:27:19:d5:f8&url=http%3A//md.openapi.360.cn/baohe/list%3Fversion%3D1 HTTP/1.0" 200 4713 "25" "Dalvik/1.4.0 (Linux; U; Android 2.3.6; GT-B9062 Build/GINGERBREAD)" "25" 
124.130.149.78 - - [17/Feb/2020:00:24:30 +0800] "GET /index/ping/?gw_id=0538A0020&sys_uptime=21151&sys_memfree=36668&sys_load=0.06&wifidog_uptime=21148&route_mac=84:82:F4:0A:B2:64&route_version=100msh_bhu0.0.1 HTTP/1.0" 200 5 "24" "WiFiDog 20130917" "24" 
124.130.149.78 - - [17/Feb/2020:00:23:30 +0800] "GET /index/auth/?stage=counters&ip=192.168.2.113&mac=80:41:4e:92:7a:2b&token=3a83a4e08b9226960544898becde0ed94f35668f&incoming=91955437&outgoing=4728703&gw_id=0538A0020 HTTP/1.0" 200 8 "23" "WiFiDog 20130917" "23" 
124.130.149.78 - - [17/Feb/2020:00:22:30 +0800] "GET /index/auth/?stage=counters&ip=192.168.2.107&mac=f0:72:8c:02:a2:f1&token=915dae35288f11303188282d5bb47070c32021db&incoming=169826510&outgoing=5007030&gw_id=0538A0020 HTTP/1.0" 200 8 "22" "WiFiDog 20130917" "22" 
180.111.235.147 - - [17/Feb/2020:00:21:30 +0800] "GET /index/login/?gw_address=192.168.12.1&gw_port=2060&gw_id=025QH000113&mac=40:cb:a8:cf:6d:bb&url=http%3A//wireless.mapbar.com/position/%3Fgb%3D02%26tp%3D13%26ch%3Dutf-8%26ict%3D2%26key%3D%255BAndroid%255D%255BWxXO86INN8mJfxY%252FluhbhA%253D%253D%255DeJxtyMEKgkAQgOEHcsJxdnbdWfESheA1u3ir2LqoB81M2IcvIogy%252FtP%252FIeCnjA0iwmtIhfcRGkpBS2IUJHqp8lcJZIkp2G80mLL%252BRS2k5YmZZWfJndnh0TG6kwRfTuvismniyNe30d%252BHyO%252B76IDjrNqhjpu%252Br9qxrNqu3s7xlXfFlOdhpW0gNhQwKIHsAVgGO7U%253D%26idx%3D41 HTTP/1.1" 200 6056 "21" "Android_CellLocation_2.0.110953_BnCeGePcEnGlIaGmCaAeCkNdLiBkNdHaCjPnLeMdKeJaGiHfGlHdCjEeElPfPeBc@%E5%A4%A9%E6%B0%94_5.1.62;860623022307522;89860035101480138233;Huawei;HUAWEI G610-U00;17" "21" 
171.221.122.113 - - [17/Feb/2020:00:20:30 +0800] "POST /index/login/?gw_address=192.168.11.1&gw_port=2060&gw_id=0281000500&mac=e8:bb:a8:82:5a:79&url=http%3A//monitor.uu.qq.com/analytics/upload HTTP/1.1" 405 87 "20" "20" "20" 
114.54.31.85 - - [17/Feb/2020:00:19:30 +0800] "GET /index/login/?gw_address=192.168.11.1&gw_port=2060&gw_id=0539ls901246&mac=d4:97:0b:78:4a:61&url=http%3A//down4.ucweb.com/wifi/zh/wifi.html HTTP/1.1" 200 1937 "19" "Dalvik/1.6.0 (Linux; U; Android 4.2.1; 2013022 MIUI/JHACNBA13.0)" "19" 
110.188.48.98 - - [17/Feb/2020:00:18:30 +0800] "POST /index/login/?gw_address=192.168.11.1&gw_port=2060&gw_id=02808005400000&mac=b0:c4:e7:ad:7b:f5&url=http%3A//monitor.uu.qq.com/analytics/upload HTTP/1.1" 405 87 "18" "18" "18" 
110.188.48.98 - - [17/Feb/2020:00:17:30 +0800] "GET /index/login/?gw_address=192.168.11.1&gw_port=2060&gw_id=02808005400000&mac=b0:c4:e7:ad:7b:f5&url=http%3A//wap.mpush.qq.com/push/conn2%3Fuid%3Dd70162ad-a37f-43b6-9dd2-733af1dca143%26msgid%3D100238%26Cookie%3D%2520lskey%253D%253B%2520luin%253D%253B%2520logintype%253D0%2520%26qn-rid%3D1213333684%26store%3D118%26hw%3Dsamsung_GT-S7562i%26devid%3D354096058061169%26qn-sig%3D42c23b0a8f212f6bc083014d86de1625%26did%3D354096058061169%26mac%3DB0%25253AC4%25253AE7%25253AAD%25253A7B%25253AF5%26appver%3D15_android_4.3.2%26qqnetwork%3Dwifi%26imsi%3D460000250523515%26apptype%3Dandroid%26bid%3D10001%26auth%3D3e0c10fff52338d72bc23450 HTTP/1.1" 200 2238 "http://inews.qq.com/inews/android/" "%E8%85%BE%E8%AE%AF%E6%96%B0%E9%97%BB432(android)" "17" 
114.54.31.85 - - [17/Feb/2020:00:16:30 +0800] "GET /index/login/?gw_address=192.168.11.1&gw_port=2060&gw_id=0539ls901246&mac=d4:97:0b:78:4a:61&url=http%3A//m.baidu.com/xcloudboss%3Fr%3Dconfig/publicsrv%26type%3Dissuedcode HTTP/1.1" 200 4817 "16" "Apache-HttpClient/UNAVAILABLE (java 1.4)" "16" 
